
Discarded input sections

 .data          0x0000000000000000        0x0 /home/ldeng/qemu_riscv_linux/trusted_fw/startup.o
 .bss           0x0000000000000000        0x0 /home/ldeng/qemu_riscv_linux/trusted_fw/startup.o

Memory Configuration

Name             Origin             Length             Attributes
ddr              0x00000000b0000000 0x0000000010000000 axrl !w
*default*        0x0000000000000000 0xffffffffffffffff

Linker script and memory map

LOAD /home/ldeng/qemu_riscv_linux/trusted_fw/startup.o
LOAD /opt/riscv64--glibc--bleeding-edge-2020.08-1/lib/gcc/riscv64-buildroot-linux-gnu/10.2.0/libgcc.a
LOAD /opt/riscv64--glibc--bleeding-edge-2020.08-1/lib/gcc/riscv64-buildroot-linux-gnu/10.2.0/../../../../riscv64-buildroot-linux-gnu/lib/libgcc_s.so
START GROUP
LOAD /opt/riscv64--glibc--bleeding-edge-2020.08-1/lib/gcc/riscv64-buildroot-linux-gnu/10.2.0/../../../../riscv64-buildroot-linux-gnu/lib/libgcc_s.so.1
LOAD /opt/riscv64--glibc--bleeding-edge-2020.08-1/lib/gcc/riscv64-buildroot-linux-gnu/10.2.0/libgcc.a
END GROUP
LOAD /opt/riscv64--glibc--bleeding-edge-2020.08-1/riscv64-buildroot-linux-gnu/sysroot/usr/lib/libc.so
START GROUP
LOAD /opt/riscv64--glibc--bleeding-edge-2020.08-1/riscv64-buildroot-linux-gnu/sysroot/lib64/libc.so.6
LOAD /opt/riscv64--glibc--bleeding-edge-2020.08-1/riscv64-buildroot-linux-gnu/sysroot/usr/lib/libc_nonshared.a
LOAD /opt/riscv64--glibc--bleeding-edge-2020.08-1/riscv64-buildroot-linux-gnu/sysroot/lib/ld-linux-riscv64-lp64.so.1
END GROUP
LOAD /opt/riscv64--glibc--bleeding-edge-2020.08-1/lib/gcc/riscv64-buildroot-linux-gnu/10.2.0/libgcc.a
LOAD /opt/riscv64--glibc--bleeding-edge-2020.08-1/lib/gcc/riscv64-buildroot-linux-gnu/10.2.0/../../../../riscv64-buildroot-linux-gnu/lib/libgcc_s.so
START GROUP
LOAD /opt/riscv64--glibc--bleeding-edge-2020.08-1/lib/gcc/riscv64-buildroot-linux-gnu/10.2.0/../../../../riscv64-buildroot-linux-gnu/lib/libgcc_s.so.1
LOAD /opt/riscv64--glibc--bleeding-edge-2020.08-1/lib/gcc/riscv64-buildroot-linux-gnu/10.2.0/libgcc.a
END GROUP

.text           0x00000000b0000000       0xe0
 *(.text)
 .text          0x00000000b0000000       0xe0 /home/ldeng/qemu_riscv_linux/trusted_fw/startup.o
                0x00000000b0000000                _start
OUTPUT(/home/ldeng/qemu_riscv_linux/trusted_fw/trusted_fw.elf elf64-littleriscv)

.plt            0x00000000b00000e0        0x0
 .plt           0x00000000b00000e0        0x0 /home/ldeng/qemu_riscv_linux/trusted_fw/startup.o

.interp         0x00000000b00000e0       0x20
 .interp        0x00000000b00000e0       0x20 /home/ldeng/qemu_riscv_linux/trusted_fw/startup.o

.gnu.version_d  0x00000000b0000100        0x0
 .gnu.version_d
                0x00000000b0000100        0x0 /home/ldeng/qemu_riscv_linux/trusted_fw/startup.o

.gnu.version    0x00000000b0000100        0x0
 .gnu.version   0x00000000b0000100        0x0 /home/ldeng/qemu_riscv_linux/trusted_fw/startup.o

.gnu.version_r  0x00000000b0000100        0x0
 .gnu.version_r
                0x00000000b0000100        0x0 /home/ldeng/qemu_riscv_linux/trusted_fw/startup.o

.dynsym         0x00000000b0000100       0x18
 .dynsym        0x00000000b0000100       0x18 /home/ldeng/qemu_riscv_linux/trusted_fw/startup.o

.dynstr         0x00000000b0000118        0xb
 .dynstr        0x00000000b0000118        0xb /home/ldeng/qemu_riscv_linux/trusted_fw/startup.o

.hash           0x00000000b0000128       0x10
 .hash          0x00000000b0000128       0x10 /home/ldeng/qemu_riscv_linux/trusted_fw/startup.o

.gnu.hash       0x00000000b0000138       0x1c
 .gnu.hash      0x00000000b0000138       0x1c /home/ldeng/qemu_riscv_linux/trusted_fw/startup.o

.rela.dyn       0x00000000b0000158        0x0
 .rela.got      0x00000000b0000158        0x0 /home/ldeng/qemu_riscv_linux/trusted_fw/startup.o
 .rela.plt      0x00000000b0000158        0x0 /home/ldeng/qemu_riscv_linux/trusted_fw/startup.o
 .rela.bss      0x00000000b0000158        0x0 /home/ldeng/qemu_riscv_linux/trusted_fw/startup.o
 .rela.data.rel.ro
                0x00000000b0000158        0x0 /home/ldeng/qemu_riscv_linux/trusted_fw/startup.o

.dynamic        0x00000000b0000158      0x110
 .dynamic       0x00000000b0000158      0x110 /home/ldeng/qemu_riscv_linux/trusted_fw/startup.o
                0x00000000b0000158                _DYNAMIC

.got            0x00000000b0000268        0x8
 .got           0x00000000b0000268        0x8 /home/ldeng/qemu_riscv_linux/trusted_fw/startup.o
                0x00000000b0000268                _GLOBAL_OFFSET_TABLE_

.got.plt        0x00000000b0000270        0x0
 .got.plt       0x00000000b0000270        0x0 /home/ldeng/qemu_riscv_linux/trusted_fw/startup.o

.data.rel.ro    0x00000000b0000270        0x0
 .data.rel.ro   0x00000000b0000270        0x0 /home/ldeng/qemu_riscv_linux/trusted_fw/startup.o

.tdata.dyn      0x00000000b0000270        0x0
 .tdata.dyn     0x00000000b0000270        0x0 /home/ldeng/qemu_riscv_linux/trusted_fw/startup.o

.dynbss         0x00000000b0000270        0x0
 .dynbss        0x00000000b0000270        0x0 /home/ldeng/qemu_riscv_linux/trusted_fw/startup.o
